ASxxxx Linker V03.00 + NoICE + sdld,  page 1.
Hexadecimal  [32-Bits]

Area                                    Addr        Size        Decimal Bytes (Attributes)
--------------------------------        ----        ----        ------- ----- ------------
.  .ABS.                            00000000    00000000 =           0. bytes (ABS,CON)

      Value  Global                              Global Defined In Module
      -----  --------------------------------   ------------------------
     00000000  .__.ABS.                           
     00000000  _rRAMG                             
     00000000  l__BASE                         
     00000000  l__BSS                          
     00000000  l__CABS                         
     00000000  l__CODE_0                       
     00000000  l__CRASH_HEADER                 
     00000000  l__CRASH_SCRATCH                
     00000000  l__DABS                         
     00000000  l__HEADER                       
     00000000  l__HEADER_LCD                   
     00000000  l__HEADER_SIO                   
     00000000  l__HEADER_TIMER                 
     00000000  l__HEAP                         
     00000000  l__HRAM                         
     00000000  l__LIT                          
     00000000  s__CABS                         
     00000000  s__CRASH_HEADER                 
     00000000  s__CRASH_HEADER0                
     00000000  s__CRASH_HEADER1                
     00000000  s__CRASH_SCRATCH                
     00000000  s__CRASH_SCRATCH2               
     00000000  s__DABS                         
     00000000  s__HEADER                       
     00000000  s__HEADER0                      
     00000000  s__HEADER1                      
     00000000  s__HEADER10                     
     00000000  s__HEADER11                     
     00000000  s__HEADER2                      
     00000000  s__HEADER3                      
     00000000  s__HEADER4                      
     00000000  s__HEADER5                      
     00000000  s__HEADER6                      
     00000000  s__HEADER7                      
     00000000  s__HEADER8                      
     00000000  s__HEADER9                      
     00000000  s__HEADER_LCD                   
     00000000  s__HEADER_LCD0                  
     00000000  s__HEADER_SIO                   
     00000000  s__HEADER_SIO0                  
     00000000  s__HEADER_TIMER                 
     00000000  s__HEADER_TIMER0                
     00000000  s__HEADERa                      
     00000000  s__HEADERb                      
     00000000  s__HEADERc                      
     00000000  s__HEADERd                      
     00000000  s__HEADERe                      
     00000000  s__HEADERf                      
     00000000  s__HRAM                         
     00000000  s__HRAM12                       
ASxxxx Linker V03.00 + NoICE + sdld,  page 2.
Hexadecimal  [32-Bits]

Area                                    Addr        Size        Decimal Bytes (Attributes)
--------------------------------        ----        ----        ------- ----- ------------
.  .ABS.                            00000000    00000000 =           0. bytes (ABS,CON)

      Value  Global                              Global Defined In Module
      -----  --------------------------------   ------------------------
     00000001  b_activate_actor                   actor
     00000001  b_activate_actors_in_col           actor
     00000001  b_activate_actors_in_row           actor
     00000001  b_actor_at_tile                    actor
     00000001  b_actor_get_frame_offset           actor
     00000001  b_actor_in_front_of_player         actor
     00000001  b_actor_overlapping_bb             actor
     00000001  b_actor_overlapping_player         actor
     00000001  b_actor_set_anim_idle              actor
     00000001  b_actor_set_anim_moving            actor
     00000001  b_actor_set_dir                    actor
     00000001  b_actor_set_frame_offset           actor
     00000001  b_actor_set_frames                 actor
     00000001  b_actors_handle_player_collision   actor
     00000001  b_actors_init                      actor
     00000001  b_camera_init                      camera
     00000001  b_camera_reset                     camera
     00000001  b_check_collision_in_direction     actor
     00000001  b_deactivate_actor                 actor
     00000001  b_parallax_init                    parallax
     00000001  b_player_init                      actor
     00000001  b_remove_LCD_ISRs                  interrupts
     00000001  b_scroll_init                      scroll
     00000001  b_scroll_repaint                   scroll
     00000001  b_scroll_reset                     scroll
     00000001  b_scroll_update                    scroll
     00000001  b_ui_draw_frame                    ui
     00000001  b_ui_draw_text_buffer_char         ui
     00000001  b_ui_init                          ui
     00000001  b_ui_load_tiles                    ui
     00000001  b_ui_run_menu                      ui
     00000001  b_ui_run_modal                     ui
     00000001  l__GSFINAL                      
     00000001  l__HEADER0                      
     00000001  l__HEADER11                     
     00000001  l__HEADER9                      
     00000001  l__HEADERa                      
     00000001  l__HEADERb                      
     00000001  l__HEADERd                      
     00000001  l__HEADERe                      
     00000002  b_camera_shake_frames              vm_camera
     00000002  b_itoa_fmt                         vm_ui_a
     00000002  b_script_execute                   vm
     00000002  b_script_runner_init               vm
     00000002  b_script_terminate                 vm
     00000002  b_scroll_rect                      
     00000002  b_vm_actor_activate                vm_actor
     00000002  b_vm_actor_deactivate              vm_actor
     00000002  b_vm_actor_emote                   vm_actor
     00000002  b_vm_actor_get_angle               vm_actor
     00000002  b_vm_actor_get_anim_frame          vm_actor
ASxxxx Linker V03.00 + NoICE + sdld,  page 3.
Hexadecimal  [32-Bits]

Area                                    Addr        Size        Decimal Bytes (Attributes)
--------------------------------        ----        ----        ------- ----- ------------
.  .ABS.                            00000000    00000000 =           0. bytes (ABS,CON)

      Value  Global                              Global Defined In Module
      -----  --------------------------------   ------------------------
     00000002  b_vm_actor_get_dir                 vm_actor
     00000002  b_vm_actor_get_pos                 vm_actor
     00000002  b_vm_actor_move_to                 vm_actor
     00000002  b_vm_actor_replace_tile            vm_actor
     00000002  b_vm_actor_set_anim                vm_actor
     00000002  b_vm_actor_set_anim_frame          vm_actor
     00000002  b_vm_actor_set_anim_set            vm_actor
     00000002  b_vm_actor_set_anim_tick           vm_actor
     00000002  b_vm_actor_set_bounds              vm_actor
     00000002  b_vm_actor_set_coll_enabled        vm_actor
     00000002  b_vm_actor_set_dir                 vm_actor
     00000002  b_vm_actor_set_hidden              vm_actor
     00000002  b_vm_actor_set_move_speed          vm_actor
     00000002  b_vm_actor_set_pos                 vm_actor
     00000002  b_vm_actor_set_spritesheet         vm_actor
     00000002  b_vm_actor_set_spritesheet_by_re   vm_actor
     00000002  b_vm_actor_terminate_update        vm_actor
     00000002  b_vm_call                          vm
     00000002  b_vm_call_far                      vm
     00000002  b_vm_call_rel                      vm
     00000002  b_vm_camera_move_to                vm_camera
     00000002  b_vm_camera_set_pos                vm_camera
     00000002  b_vm_choice                        vm_ui
     00000002  b_vm_context_prepare               vm_gameboy
     00000002  b_vm_cos_scale                     vm_math
     00000002  b_vm_display_text                  vm_ui
     00000002  b_vm_fade_in                       vm_gameboy
     00000002  b_vm_fade_out                      vm_gameboy
     00000002  b_vm_get_indirect                  vm
     00000002  b_vm_get_int16                     vm
     00000002  b_vm_get_int8                      vm
     00000002  b_vm_get_tile_xy                   vm_gameboy
     00000002  b_vm_get_tlocal                    vm
     00000002  b_vm_get_uint8                     vm
     00000002  b_vm_hide_sprites                  vm_gameboy
     00000002  b_vm_idle                          vm
     00000002  b_vm_if                            vm
     00000002  b_vm_if_const                      vm
     00000002  b_vm_input_attach                  vm_gameboy
     00000002  b_vm_input_detach                  vm_gameboy
     00000002  b_vm_input_get                     vm_gameboy
     00000002  b_vm_input_wait                    vm_gameboy
     00000002  b_vm_invoke                        vm
     00000002  b_vm_join                          vm
     00000002  b_vm_jump                          vm
     00000002  b_vm_jump_rel                      vm
     00000002  b_vm_load_cursor                   vm_ui
     00000002  b_vm_load_frame                    vm_ui
     00000002  b_vm_load_palette                  vm_palette
     00000002  b_vm_lock                          vm
     00000002  b_vm_loop                          vm
ASxxxx Linker V03.00 + NoICE + sdld,  page 4.
Hexadecimal  [32-Bits]

Area                                    Addr        Size        Decimal Bytes (Attributes)
--------------------------------        ----        ----        ------- ----- ------------
.  .ABS.                            00000000    00000000 =           0. bytes (ABS,CON)

      Value  Global                              Global Defined In Module
      -----  --------------------------------   ------------------------
     00000002  b_vm_loop_rel                      vm
     00000002  b_vm_memcpy                        vm
     00000002  b_vm_memset                        vm
     00000002  b_vm_music_mute                    vm_music
     00000002  b_vm_music_play                    vm_music
     00000002  b_vm_music_routine                 vm_music
     00000002  b_vm_music_setpos                  vm_music
     00000002  b_vm_music_stop                    vm_music
     00000002  b_vm_overlay_clear                 vm_ui
     00000002  b_vm_overlay_hide                  vm_ui
     00000002  b_vm_overlay_move_to               vm_ui
     00000002  b_vm_overlay_scroll                vm_ui
     00000002  b_vm_overlay_set_scroll            vm_ui
     00000002  b_vm_overlay_set_submap            vm_ui
     00000002  b_vm_overlay_setpos                vm_ui
     00000002  b_vm_overlay_show                  vm_ui
     00000002  b_vm_overlay_wait                  vm_ui
     00000002  b_vm_poll                          vm_gameboy
     00000002  b_vm_poll_loaded                   vm
     00000002  b_vm_pop                           vm
     00000002  b_vm_projectile_launch             vm_projectiles
     00000002  b_vm_push                          vm
     00000002  b_vm_push_reference                vm
     00000002  b_vm_push_value                    vm
     00000002  b_vm_push_value_ind                vm
     00000002  b_vm_raise                         vm
     00000002  b_vm_rand                          vm
     00000002  b_vm_randomize                     vm
     00000002  b_vm_replace_tile                  vm_gameboy
     00000002  b_vm_replace_tile_xy               vm_gameboy
     00000002  b_vm_reserve                       vm
     00000002  b_vm_ret                           vm
     00000002  b_vm_ret_far                       vm
     00000002  b_vm_rtc_get                       vm_rtc
     00000002  b_vm_rtc_latch                     vm_rtc
     00000002  b_vm_rtc_set                       vm_rtc
     00000002  b_vm_rtc_start                     vm_rtc
     00000002  b_vm_rumble                        vm_gameboy
     00000002  b_vm_save_clear                    vm_load_save
     00000002  b_vm_save_peek                     vm_load_save
     00000002  b_vm_scene_pop                     vm_scene
     00000002  b_vm_scene_pop_all                 vm_scene
     00000002  b_vm_scene_push                    vm_scene
     00000002  b_vm_scene_stack_reset             vm_scene
     00000002  b_vm_set                           vm
     00000002  b_vm_set_const                     vm
     00000002  b_vm_set_const_int16               vm
     00000002  b_vm_set_const_int8                vm
     00000002  b_vm_set_font                      vm_ui
     00000002  b_vm_set_indirect                  vm
     00000002  b_vm_set_int16                     vm
ASxxxx Linker V03.00 + NoICE + sdld,  page 5.
Hexadecimal  [32-Bits]

Area                                    Addr        Size        Decimal Bytes (Attributes)
--------------------------------        ----        ----        ------- ----- ------------
.  .ABS.                            00000000    00000000 =           0. bytes (ABS,CON)

      Value  Global                              Global Defined In Module
      -----  --------------------------------   ------------------------
     00000002  b_vm_set_int8                      vm
     00000002  b_vm_set_print_dir                 vm_ui
     00000002  b_vm_set_sprite_mode               vm_gameboy
     00000002  b_vm_set_uint8                     vm
     00000002  b_vm_show_sprites                  vm_gameboy
     00000002  b_vm_sin_scale                     vm_math
     00000002  b_vm_sio_exchange                  vm_sio
     00000002  b_vm_sio_set_mode                  vm_sio
     00000002  b_vm_sound_mastervol               vm_music
     00000002  b_vm_sound_play                    vm_music
     00000002  b_vm_switch_text_layer             vm_ui
     00000002  b_vm_systime                       vm
     00000002  b_vm_terminate                     vm
     00000002  b_vm_test_terminate                vm
     00000002  b_vm_timer_prepare                 vm_gameboy
     00000002  b_vm_timer_reset                   vm_gameboy
     00000002  b_vm_timer_set                     vm_gameboy
     00000002  b_vm_timer_stop                    vm_gameboy
     00000002  b_vm_unlock                        vm
     00000002  b_vm_wave_play                     vm_music
     00000002  b_wait_frames                      vm
     00000002  l__HEADER5                      
     00000002  l__HEADERc                      
     00000002  l__HEADERf                      
     00000003  b_adventure_init                   adventure
     00000003  b_adventure_update                 adventure
     00000003  b_logo_init                        logo
     00000003  b_logo_update                      logo
     00000003  b_platform_init                    platform
     00000003  b_platform_update                  platform
     00000003  b_pointnclick_init                 pointnclick
     00000003  b_pointnclick_update               pointnclick
     00000003  b_shmup_init                       shmup
     00000003  b_shmup_update                     shmup
     00000003  b_topdown_init                     topdown
     00000003  b_topdown_update                   topdown
     00000003  l__HEADER8                      
     00000003  l__HEADER_LCD0                  
     00000003  l__HRAM12                       
     00000004  b_CGBZeroPalette                   palette
     00000004  b_SIO_init                         sio
     00000004  b_core_reset                       core
     00000004  b_core_run                         core
     00000004  b_data_clear                       load_save
     00000004  b_data_init                        load_save
     00000004  b_data_load                        load_save
     00000004  b_data_peek                        load_save
     00000004  b_data_save                        load_save
     00000004  b_do_load_palette                  data_manager
     00000004  b_events_init                      events
     00000004  b_fade_applypalettechange          fade_manager
ASxxxx Linker V03.00 + NoICE + sdld,  page 6.
Hexadecimal  [32-Bits]

Area                                    Addr        Size        Decimal Bytes (Attributes)
--------------------------------        ----        ----        ------- ----- ------------
.  .ABS.                            00000000    00000000 =           0. bytes (ABS,CON)

      Value  Global                              Global Defined In Module
      -----  --------------------------------   ------------------------
     00000004  b_fade_in                          fade_manager
     00000004  b_fade_in_modal                    fade_manager
     00000004  b_fade_init                        fade_manager
     00000004  b_fade_out                         fade_manager
     00000004  b_fade_out_modal                   fade_manager
     00000004  b_fade_setspeed                    fade_manager
     00000004  b_fade_update                      fade_manager
     00000004  b_input_init                       input
     00000004  b_load_background                  data_manager
     00000004  b_load_bkg_tileset                 data_manager
     00000004  b_load_bounds                      data_manager
     00000004  b_load_emote                       data_manager
     00000004  b_load_init                        data_manager
     00000004  b_load_player                      data_manager
     00000004  b_load_scene                       data_manager
     00000004  b_load_sprite                      data_manager
     00000004  b_music_events_poll                music_manager
     00000004  b_music_init                       music_manager
     00000004  b_music_stop                       music_manager
     00000004  b_palette_init                     palette
     00000004  b_projectile_launch                projectiles
     00000004  b_projectiles_init                 projectiles
     00000004  b_restore_sram                     flasher
     00000004  b_restore_sram_bank                flasher
     00000004  b_save_sram                        flasher
     00000004  b_set_sample                       sample_player
     00000004  b_set_sgb_border                   sgb_border
     00000004  b_sound_init                       music_manager
     00000004  b_sound_play                       music_manager
     00000004  b_timers_init                      events
     00000004  b_trigger_activate_at              trigger
     00000004  b_trigger_activate_at_intersecti   trigger
     00000004  b_trigger_at_intersection          trigger
     00000004  b_trigger_at_tile                  trigger
     00000004  b_trigger_interact                 trigger
     00000004  b_trigger_reset                    trigger
     00000004  b_wave_play                        music_manager
     00000004  l__CRASH_HEADER1                
     00000004  l__HEADER_SIO0                  
     00000004  l__HEADER_TIMER0                
     00000005  ___bank_cursor_image               cursor_image
     00000005  ___bank_font_0                     font_0
     00000005  ___bank_script_input_0             script_input_0
     00000005  ___bank_script_s1a1_interact       script_s1a1_interact
     00000005  ___bank_script_s2_init             script_s2_init
     00000005  ___bank_tileset_0                  tileset_0
     00000005  ___bank_tileset_1                  tileset_1
     00000005  ___bank_tileset_2                  tileset_2
     00000005  ___bank_tileset_3                  tileset_3
     00000005  l__CRASH_HEADER0                
     00000005  l__HEADER1                      
ASxxxx Linker V03.00 + NoICE + sdld,  page 7.
Hexadecimal  [32-Bits]

Area                                    Addr        Size        Decimal Bytes (Attributes)
--------------------------------        ----        ----        ------- ----- ------------
.  .ABS.                            00000000    00000000 =           0. bytes (ABS,CON)

      Value  Global                              Global Defined In Module
      -----  --------------------------------   ------------------------
     00000006  ___bank_scene_11_actors            scene_11_actors
     00000006  ___bank_script_s10_init            script_s10_init
     00000006  ___bank_script_s11_init            script_s11_init
     00000006  ___bank_script_s12_init            script_s12_init
     00000006  ___bank_script_s12a2_interact      script_s12a2_interact
     00000006  ___bank_script_s14_init            script_s14_init
     00000006  ___bank_script_s14a2_interact      script_s14a2_interact
     00000006  ___bank_script_s15_init            script_s15_init
     00000006  ___bank_script_s16_init            script_s16_init
     00000006  ___bank_script_s16a2_interact      script_s16a2_interact
     00000006  ___bank_script_s1_init             script_s1_init
     00000006  ___bank_script_s3_init             script_s3_init
     00000006  ___bank_script_s4_init             script_s4_init
     00000006  ___bank_script_s7_init             script_s7_init
     00000006  ___bank_script_s8_init             script_s8_init
     00000006  ___bank_script_s9_init             script_s9_init
     00000006  l__HEADER7                      
     00000007  ___bank_scene_10_triggers          scene_10_triggers
     00000007  ___bank_script_level_06            script_level_06
     00000007  ___bank_script_level_07            script_level_07
     00000007  ___bank_script_level_08            script_level_08
     00000007  ___bank_script_level_09            script_level_09
     00000007  ___bank_script_level_10            script_level_10
     00000007  ___bank_script_level_11            script_level_11
     00000007  ___bank_script_level_12            script_level_12
     00000007  ___bank_script_level_13            script_level_13
     00000007  ___bank_script_s10a2_interact      script_s10a2_interact
     00000007  ___bank_script_s10t0_interact      script_s10t0_interact
     00000007  ___bank_script_s11a2_interact      script_s11a2_interact
     00000007  ___bank_script_s15a2_interact      script_s15a2_interact
     00000007  ___bank_script_s2a1_interact       script_s2a1_interact
     00000007  ___bank_script_s3a2_interact       script_s3a2_interact
     00000007  ___bank_script_s4a2_interact       script_s4a2_interact
     00000007  ___bank_script_s7a2_interact       script_s7a2_interact
     00000007  ___bank_script_s8a2_interact       script_s8a2_interact
     00000007  ___bank_script_s9a2_interact       script_s9a2_interact
     00000007  ___bank_spritesheet_0              spritesheet_0
     00000007  l__HEADER2                      
     00000008  ___bank_scene_0_collisions         scene_0_collisions
     00000008  ___bank_scene_10_collisions        scene_10_collisions
     00000008  ___bank_scene_11_collisions        scene_11_collisions
     00000008  ___bank_scene_12_actors            scene_12_actors
     00000008  ___bank_scene_12_collisions        scene_12_collisions
     00000008  ___bank_scene_13_collisions        scene_13_collisions
     00000008  ___bank_scene_14_actors            scene_14_actors
     00000008  ___bank_scene_14_collisions        scene_14_collisions
     00000008  ___bank_scene_15_actors            scene_15_actors
     00000008  ___bank_scene_15_collisions        scene_15_collisions
     00000008  ___bank_scene_16_actors            scene_16_actors
     00000008  ___bank_scene_16_collisions        scene_16_collisions
     00000008  ___bank_scene_1_collisions         scene_1_collisions
ASxxxx Linker V03.00 + NoICE + sdld,  page 8.
Hexadecimal  [32-Bits]

Area                                    Addr        Size        Decimal Bytes (Attributes)
--------------------------------        ----        ----        ------- ----- ------------
.  .ABS.                            00000000    00000000 =           0. bytes (ABS,CON)

      Value  Global                              Global Defined In Module
      -----  --------------------------------   ------------------------
     00000008  ___bank_scene_2_collisions         scene_2_collisions
     00000008  ___bank_script_s11t0_interact      script_s11t0_interact
     00000008  ___bank_script_s12t0_interact      script_s12t0_interact
     00000008  ___bank_script_s14t0_interact      script_s14t0_interact
     00000008  ___bank_script_s16t2_interact      script_s16t2_interact
     00000008  ___bank_script_s16t3_interact      script_s16t3_interact
     00000008  ___bank_script_s2t0_interact       script_s2t0_interact
     00000008  ___bank_script_s3t0_interact       script_s3t0_interact
     00000008  ___bank_script_s4t0_interact       script_s4t0_interact
     00000008  ___bank_script_s7t0_interact       script_s7t0_interact
     00000008  ___bank_script_s7t1_interact       script_s7t1_interact
     00000008  ___bank_script_s8t0_interact       script_s8t0_interact
     00000008  ___bank_script_s8t1_interact       script_s8t1_interact
     00000008  ___bank_script_s9t0_interact       script_s9t0_interact
     00000008  ___bank_spritesheet_none           spritesheet_none
     00000008  ___bank_tileset_7                  tileset_7
     00000008  l__HEADER3                      
     00000009  ___bank_scene_10_actors            scene_10_actors
     00000009  ___bank_scene_11_sprites           scene_11_sprites
     00000009  ___bank_scene_3_collisions         scene_3_collisions
     00000009  ___bank_scene_4_collisions         scene_4_collisions
     00000009  ___bank_scene_5_collisions         scene_5_collisions
     00000009  ___bank_scene_6_collisions         scene_6_collisions
     00000009  ___bank_scene_7_collisions         scene_7_collisions
     00000009  ___bank_scene_8_collisions         scene_8_collisions
     00000009  ___bank_scene_9_actors             scene_9_actors
     00000009  ___bank_scene_9_collisions         scene_9_collisions
     00000009  ___bank_script_s11a8_update        script_s11a8_update
     00000009  ___bank_spritesheet_3              spritesheet_3
     00000009  ___bank_tilemap_0                  tilemap_0
     00000009  ___bank_tilemap_1                  tilemap_1
     00000009  ___bank_tilemap_10                 tilemap_10
     00000009  ___bank_tilemap_11                 tilemap_11
     00000009  ___bank_tilemap_12                 tilemap_12
     00000009  ___bank_tilemap_13                 tilemap_13
     00000009  ___bank_tilemap_14                 tilemap_14
     00000009  ___bank_tilemap_15                 tilemap_15
     00000009  ___bank_tilemap_16                 tilemap_16
     00000009  ___bank_tilemap_2                  tilemap_2
     00000009  ___bank_tilemap_3                  tilemap_3
     00000009  ___bank_tilemap_4                  tilemap_4
     00000009  ___bank_tilemap_5                  tilemap_5
     00000009  ___bank_tilemap_6                  tilemap_6
     00000009  ___bank_tilemap_7                  tilemap_7
     00000009  ___bank_tilemap_8                  tilemap_8
     00000009  ___bank_tilemap_9                  tilemap_9
     00000009  ___bank_tilemap_attr_0             tilemap_attr_0
     00000009  ___bank_tilemap_attr_1             tilemap_attr_1
     00000009  ___bank_tilemap_attr_10            tilemap_attr_10
     00000009  ___bank_tilemap_attr_11            tilemap_attr_11
     00000009  ___bank_tilemap_attr_12            tilemap_attr_12
ASxxxx Linker V03.00 + NoICE + sdld,  page 9.
Hexadecimal  [32-Bits]

Area                                    Addr        Size        Decimal Bytes (Attributes)
--------------------------------        ----        ----        ------- ----- ------------
.  .ABS.                            00000000    00000000 =           0. bytes (ABS,CON)

      Value  Global                              Global Defined In Module
      -----  --------------------------------   ------------------------
     00000009  ___bank_tilemap_attr_13            tilemap_attr_13
     00000009  ___bank_tilemap_attr_14            tilemap_attr_14
     00000009  ___bank_tilemap_attr_2             tilemap_attr_2
     00000009  ___bank_tilemap_attr_3             tilemap_attr_3
     00000009  ___bank_tilemap_attr_4             tilemap_attr_4
     00000009  ___bank_tilemap_attr_5             tilemap_attr_5
     00000009  ___bank_tilemap_attr_6             tilemap_attr_6
     00000009  ___bank_tilemap_attr_7             tilemap_attr_7
     00000009  ___bank_tilemap_attr_8             tilemap_attr_8
     00000009  ___bank_tilemap_attr_9             tilemap_attr_9
     00000009  ___bank_tileset_11                 tileset_11
     00000009  ___bank_tileset_12                 tileset_12
     00000009  ___bank_tileset_6                  tileset_6
     00000009  ___bank_tileset_8                  tileset_8
     0000000A  ___bank_background_0               background_0
     0000000A  ___bank_background_1               background_1
     0000000A  ___bank_background_10              background_10
     0000000A  ___bank_background_11              background_11
     0000000A  ___bank_background_12              background_12
     0000000A  ___bank_background_13              background_13
     0000000A  ___bank_background_14              background_14
     0000000A  ___bank_background_15              background_15
     0000000A  ___bank_background_16              background_16
     0000000A  ___bank_background_2               background_2
     0000000A  ___bank_background_3               background_3
     0000000A  ___bank_background_4               background_4
     0000000A  ___bank_background_5               background_5
     0000000A  ___bank_background_6               background_6
     0000000A  ___bank_background_7               background_7
     0000000A  ___bank_background_8               background_8
     0000000A  ___bank_background_9               background_9
     0000000A  ___bank_bootstrap_script           
     0000000A  ___bank_frame_image                frame_image
     0000000A  ___bank_palette_0                  palette_0
     0000000A  ___bank_palette_1                  palette_1
     0000000A  ___bank_palette_2                  palette_2
     0000000A  ___bank_palette_3                  palette_3
     0000000A  ___bank_palette_4                  palette_4
     0000000A  ___bank_palette_5                  palette_5
     0000000A  ___bank_scene_0                    scene_0
     0000000A  ___bank_scene_0_actors             scene_0_actors
     0000000A  ___bank_scene_1                    scene_1
     0000000A  ___bank_scene_10                   scene_10
     0000000A  ___bank_scene_10_projectiles       scene_10_projectiles
     0000000A  ___bank_scene_10_sprites           scene_10_sprites
     0000000A  ___bank_scene_11                   scene_11
     0000000A  ___bank_scene_11_projectiles       scene_11_projectiles
     0000000A  ___bank_scene_11_triggers          scene_11_triggers
     0000000A  ___bank_scene_12                   scene_12
     0000000A  ___bank_scene_12_projectiles       scene_12_projectiles
     0000000A  ___bank_scene_12_sprites           scene_12_sprites
ASxxxx Linker V03.00 + NoICE + sdld,  page 10.
Hexadecimal  [32-Bits]

Area                                    Addr        Size        Decimal Bytes (Attributes)
--------------------------------        ----        ----        ------- ----- ------------
.  .ABS.                            00000000    00000000 =           0. bytes (ABS,CON)

      Value  Global                              Global Defined In Module
      -----  --------------------------------   ------------------------
     0000000A  ___bank_scene_12_triggers          scene_12_triggers
     0000000A  ___bank_scene_13                   scene_13
     0000000A  ___bank_scene_14                   scene_14
     0000000A  ___bank_scene_14_projectiles       scene_14_projectiles
     0000000A  ___bank_scene_14_sprites           scene_14_sprites
     0000000A  ___bank_scene_14_triggers          scene_14_triggers
     0000000A  ___bank_scene_15                   scene_15
     0000000A  ___bank_scene_15_projectiles       scene_15_projectiles
     0000000A  ___bank_scene_15_sprites           scene_15_sprites
     0000000A  ___bank_scene_15_triggers          scene_15_triggers
     0000000A  ___bank_scene_16                   scene_16
     0000000A  ___bank_scene_16_projectiles       scene_16_projectiles
     0000000A  ___bank_scene_16_sprites           scene_16_sprites
     0000000A  ___bank_scene_16_triggers          scene_16_triggers
     0000000A  ___bank_scene_1_actors             scene_1_actors
     0000000A  ___bank_scene_2                    scene_2
     0000000A  ___bank_scene_2_actors             scene_2_actors
     0000000A  ___bank_scene_2_triggers           scene_2_triggers
     0000000A  ___bank_scene_3                    scene_3
     0000000A  ___bank_scene_3_actors             scene_3_actors
     0000000A  ___bank_scene_3_sprites            scene_3_sprites
     0000000A  ___bank_scene_3_triggers           scene_3_triggers
     0000000A  ___bank_scene_4                    scene_4
     0000000A  ___bank_scene_4_actors             scene_4_actors
     0000000A  ___bank_scene_4_sprites            scene_4_sprites
     0000000A  ___bank_scene_4_triggers           scene_4_triggers
     0000000A  ___bank_scene_5                    scene_5
     0000000A  ___bank_scene_6                    scene_6
     0000000A  ___bank_scene_7                    scene_7
     0000000A  ___bank_scene_7_actors             scene_7_actors
     0000000A  ___bank_scene_7_sprites            scene_7_sprites
     0000000A  ___bank_scene_7_triggers           scene_7_triggers
     0000000A  ___bank_scene_8                    scene_8
     0000000A  ___bank_scene_8_actors             scene_8_actors
     0000000A  ___bank_scene_8_projectiles        scene_8_projectiles
     0000000A  ___bank_scene_8_sprites            scene_8_sprites
     0000000A  ___bank_scene_8_triggers           scene_8_triggers
     0000000A  ___bank_scene_9                    scene_9
     0000000A  ___bank_scene_9_projectiles        scene_9_projectiles
     0000000A  ___bank_scene_9_sprites            scene_9_sprites
     0000000A  ___bank_scene_9_triggers           scene_9_triggers
     0000000A  ___bank_script_engine_init         
     0000000A  ___bank_script_s0_init             script_s0_init
     0000000A  ___bank_script_s10_p_hit1          script_s10_p_hit1
     0000000A  ___bank_script_s10a1_interact      script_s10a1_interact
     0000000A  ___bank_script_s10a3_interact      script_s10a3_interact
     0000000A  ___bank_script_s10a4_update        script_s10a4_update
     0000000A  ___bank_script_s10a5_update        script_s10a5_update
     0000000A  ___bank_script_s11_p_hit1          script_s11_p_hit1
     0000000A  ___bank_script_s11a1_interact      script_s11a1_interact
     0000000A  ___bank_script_s11a3_interact      script_s11a3_interact
ASxxxx Linker V03.00 + NoICE + sdld,  page 11.
Hexadecimal  [32-Bits]

Area                                    Addr        Size        Decimal Bytes (Attributes)
--------------------------------        ----        ----        ------- ----- ------------
.  .ABS.                            00000000    00000000 =           0. bytes (ABS,CON)

      Value  Global                              Global Defined In Module
      -----  --------------------------------   ------------------------
     0000000A  ___bank_script_s11a4_update        script_s11a4_update
     0000000A  ___bank_script_s11a5_update        script_s11a5_update
     0000000A  ___bank_script_s11a6_interact      script_s11a6_interact
     0000000A  ___bank_script_s11a7_interact      script_s11a7_interact
     0000000A  ___bank_script_s12_p_hit1          script_s12_p_hit1
     0000000A  ___bank_script_s12a1_interact      script_s12a1_interact
     0000000A  ___bank_script_s12a3_interact      script_s12a3_interact
     0000000A  ___bank_script_s12a4_update        script_s12a4_update
     0000000A  ___bank_script_s12a5_update        script_s12a5_update
     0000000A  ___bank_script_s12a6_update        script_s12a6_update
     0000000A  ___bank_script_s12a7_interact      script_s12a7_interact
     0000000A  ___bank_script_s12a8_update        script_s12a8_update
     0000000A  ___bank_script_s13_init            script_s13_init
     0000000A  ___bank_script_s14_p_hit1          script_s14_p_hit1
     0000000A  ___bank_script_s14a1_interact      script_s14a1_interact
     0000000A  ___bank_script_s14a3_interact      script_s14a3_interact
     0000000A  ___bank_script_s14a4_update        script_s14a4_update
     0000000A  ___bank_script_s14a5_update        script_s14a5_update
     0000000A  ___bank_script_s14a6_update        script_s14a6_update
     0000000A  ___bank_script_s14a7_update        script_s14a7_update
     0000000A  ___bank_script_s14t1_interact      script_s14t1_interact
     0000000A  ___bank_script_s15_p_hit1          script_s15_p_hit1
     0000000A  ___bank_script_s15a1_interact      script_s15a1_interact
     0000000A  ___bank_script_s15a3_interact      script_s15a3_interact
     0000000A  ___bank_script_s15a4_update        script_s15a4_update
     0000000A  ___bank_script_s15a5_update        script_s15a5_update
     0000000A  ___bank_script_s15a6_update        script_s15a6_update
     0000000A  ___bank_script_s15a7_interact      script_s15a7_interact
     0000000A  ___bank_script_s15a8_interact      script_s15a8_interact
     0000000A  ___bank_script_s15t0_interact      script_s15t0_interact
     0000000A  ___bank_script_s15t1_interact      script_s15t1_interact
     0000000A  ___bank_script_s16_p_hit1          script_s16_p_hit1
     0000000A  ___bank_script_s16a1_interact      script_s16a1_interact
     0000000A  ___bank_script_s16a3_interact      script_s16a3_interact
     0000000A  ___bank_script_s16a4_update        script_s16a4_update
     0000000A  ___bank_script_s16a5_update        script_s16a5_update
     0000000A  ___bank_script_s16a6_update        script_s16a6_update
     0000000A  ___bank_script_s16a7_interact      script_s16a7_interact
     0000000A  ___bank_script_s16a8_interact      script_s16a8_interact
     0000000A  ___bank_script_s16t0_interact      script_s16t0_interact
     0000000A  ___bank_script_s16t1_interact      script_s16t1_interact
     0000000A  ___bank_script_s3a1_interact       script_s3a1_interact
     0000000A  ___bank_script_s4a1_interact       script_s4a1_interact
     0000000A  ___bank_script_s4a3_interact       script_s4a3_interact
     0000000A  ___bank_script_s5_init             script_s5_init
     0000000A  ___bank_script_s6_init             script_s6_init
     0000000A  ___bank_script_s7a1_interact       script_s7a1_interact
     0000000A  ___bank_script_s7a3_interact       script_s7a3_interact
     0000000A  ___bank_script_s8_p_hit1           script_s8_p_hit1
     0000000A  ___bank_script_s8a1_interact       script_s8a1_interact
     0000000A  ___bank_script_s8a3_interact       script_s8a3_interact
ASxxxx Linker V03.00 + NoICE + sdld,  page 12.
Hexadecimal  [32-Bits]

Area                                    Addr        Size        Decimal Bytes (Attributes)
--------------------------------        ----        ----        ------- ----- ------------
.  .ABS.                            00000000    00000000 =           0. bytes (ABS,CON)

      Value  Global                              Global Defined In Module
      -----  --------------------------------   ------------------------
     0000000A  ___bank_script_s8a4_update         script_s8a4_update
     0000000A  ___bank_script_s9_p_hit1           script_s9_p_hit1
     0000000A  ___bank_script_s9a1_interact       script_s9a1_interact
     0000000A  ___bank_script_s9a3_interact       script_s9a3_interact
     0000000A  ___bank_script_s9a4_update         script_s9a4_update
     0000000A  ___bank_script_s9a5_update         script_s9a5_update
     0000000A  ___bank_spritesheet_1              spritesheet_1
     0000000A  ___bank_spritesheet_10             spritesheet_10
     0000000A  ___bank_spritesheet_11             spritesheet_11
     0000000A  ___bank_spritesheet_12             spritesheet_12
     0000000A  ___bank_spritesheet_13             spritesheet_13
     0000000A  ___bank_spritesheet_14             spritesheet_14
     0000000A  ___bank_spritesheet_15             spritesheet_15
     0000000A  ___bank_spritesheet_2              spritesheet_2
     0000000A  ___bank_spritesheet_4              spritesheet_4
     0000000A  ___bank_spritesheet_5              spritesheet_5
     0000000A  ___bank_spritesheet_6              spritesheet_6
     0000000A  ___bank_spritesheet_7              spritesheet_7
     0000000A  ___bank_spritesheet_8              spritesheet_8
     0000000A  ___bank_spritesheet_9              spritesheet_9
     0000000A  ___bank_tileset_10                 tileset_10
     0000000A  ___bank_tileset_13                 tileset_13
     0000000A  ___bank_tileset_14                 tileset_14
     0000000A  ___bank_tileset_15                 tileset_15
     0000000A  ___bank_tileset_16                 tileset_16
     0000000A  ___bank_tileset_4                  tileset_4
     0000000A  ___bank_tileset_5                  tileset_5
     0000000A  ___bank_tileset_9                  tileset_9
     0000000C  __start_save                    
     0000000E  l__INITIALIZED                  
     0000000E  l__INITIALIZER                  
     0000002D  l__GSINIT                       
     00000030  l__HEADER6                      
     0000004E  l__HEADER4                      
     00000082  l__HEADER10                     
     000001CB  l__CRASH_SCRATCH2               
     00000200  s__CODE                         
     00000C03  l__CODE                         
     00000E03  s__HOME                         
     000018FB  l__DATA                         
     00002000  _rROMB0                            
     000027A6  l__HOME                         
     00002947  l__CODE_4                       
     000029A6  l__CODE_1                       
     00002ADB  l__CODE_3                       
     00003000  _rROMB1                            
     00003219  l__CODE_10                      
     000035A9  s__BASE                         
     000035A9  s__CODE_0                       
     000035A9  s__INITIALIZER                  
     000035A9  s__LIT                          
ASxxxx Linker V03.00 + NoICE + sdld,  page 13.
Hexadecimal  [32-Bits]

Area                                    Addr        Size        Decimal Bytes (Attributes)
--------------------------------        ----        ----        ------- ----- ------------
.  .ABS.                            00000000    00000000 =           0. bytes (ABS,CON)

      Value  Global                              Global Defined In Module
      -----  --------------------------------   ------------------------
     000035B7  s__GSINIT                       
     000035E4  s__GSFINAL                      
     0000395A  l__CODE_2                       
     00003FFF  l__CODE_8                       
     00004000  _RTC_SELECT_REG                    vm_rtc
     00004000  _rRAMB                             
     00004000  l__CODE_5                       
     00004000  l__CODE_6                       
     00004000  l__CODE_7                       
     00004000  l__CODE_9                       
     00006000  _RTC_LATCH_REG                     vm_rtc
     00008000  __VRAM                             
     00008000  __VRAM8000                         
     00008800  __VRAM8800                         
     00009000  __VRAM9000                         
     00009800  __SCRN0                            
     00009C00  __SCRN1                            
     0000A000  _RTC_VALUE_REG                     vm_rtc
     0000A000  __SRAM                             
     0000C000  __RAM                              
     0000C000  _shadow_OAM                     
     0000C0A0  s__DATA                         
     0000D000  __RAMBANK                          
     0000D99B  s__BSS                          
     0000D99B  s__INITIALIZED                  
     0000D9A9  s__HEAP                         
     0000DF00  .STACK                          
     0000DF00  _shadow_OAM2                       absolute
     0000DFA0  _BkgPalette                        absolute
     0000DFE0  _vwf_tile_data                     absolute
     0000FE00  __OAMRAM                           
     0000FF00  _P1_REG                            
     0000FF00  __IO                               
     0000FF01  _SB_REG                            
     0000FF02  _SC_REG                            
     0000FF04  _DIV_REG                           
     0000FF05  _TIMA_REG                          
     0000FF06  _TMA_REG                           
     0000FF07  _TAC_REG                           
     0000FF0F  _IF_REG                            
     0000FF10  _NR10_REG                          
     0000FF11  _NR11_REG                          
     0000FF12  _NR12_REG                          
     0000FF13  _NR13_REG                          
     0000FF14  _NR14_REG                          
     0000FF16  _NR21_REG                          
     0000FF17  _NR22_REG                          
     0000FF18  _NR23_REG                          
     0000FF19  _NR24_REG                          
     0000FF1A  _NR30_REG                          
     0000FF1B  _NR31_REG                          
ASxxxx Linker V03.00 + NoICE + sdld,  page 14.
Hexadecimal  [32-Bits]

Area                                    Addr        Size        Decimal Bytes (Attributes)
--------------------------------        ----        ----        ------- ----- ------------
.  .ABS.                            00000000    00000000 =           0. bytes (ABS,CON)

      Value  Global                              Global Defined In Module
      -----  --------------------------------   ------------------------
     0000FF1C  _NR32_REG                          
     0000FF1D  _NR33_REG                          
     0000FF1E  _NR34_REG                          
     0000FF20  _NR41_REG                          
     0000FF21  _NR42_REG                          
     0000FF22  _NR43_REG                          
     0000FF23  _NR44_REG                          
     0000FF24  _NR50_REG                          
     0000FF25  _NR51_REG                          
     0000FF26  _NR52_REG                          
     0000FF30  _PCM_SAMPLE                        
     0000FF30  __AUD3WAVERAM                      
     0000FF40  _LCDC_REG                          
     0000FF41  _STAT_REG                          
     0000FF42  _SCY_REG                           
     0000FF43  _SCX_REG                           
     0000FF44  _LY_REG                            
     0000FF45  _LYC_REG                           
     0000FF46  _DMA_REG                           
     0000FF47  _BGP_REG                           
     0000FF48  _OBP0_REG                          
     0000FF49  _OBP1_REG                          
     0000FF4A  _WY_REG                            
     0000FF4B  _WX_REG                            
     0000FF4D  _KEY1_REG                          
     0000FF4F  _VBK_REG                           
     0000FF51  _HDMA1_REG                         
     0000FF52  _HDMA2_REG                         
     0000FF53  _HDMA3_REG                         
     0000FF54  _HDMA4_REG                         
     0000FF55  _HDMA5_REG                         
     0000FF56  _RP_REG                            
     0000FF68  _BCPS_REG                          
     0000FF69  _BCPD_REG                          
     0000FF6A  _OCPS_REG                          
     0000FF6B  _OCPD_REG                          
     0000FF70  _SVBK_REG                          
     0000FF76  _PCM12_REG                         
     0000FF77  _PCM34_REG                         
     0000FF80  .refresh_OAM                    
     0000FF80  __HRAM                             
     0000FFFF  _IE_REG                            
     00014000  s__CODE_1                       
     00024000  s__CODE_2                       
     00034000  s__CODE_3                       
     00044000  s__CODE_4                       
     00054000  s__CODE_5                       
     00064000  s__CODE_6                       
     00074000  s__CODE_7                       
     00084000  s__CODE_8                       
     00094000  s__CODE_9                       
ASxxxx Linker V03.00 + NoICE + sdld,  page 15.
Hexadecimal  [32-Bits]

Area                                    Addr        Size        Decimal Bytes (Attributes)
--------------------------------        ----        ----        ------- ----- ------------
.  .ABS.                            00000000    00000000 =           0. bytes (ABS,CON)

      Value  Global                              Global Defined In Module
      -----  --------------------------------   ------------------------
     000A4000  s__CODE_10                      
ASxxxx Linker V03.00 + NoICE + sdld,  page 16.
Hexadecimal  [32-Bits]

Area                                    Addr        Size        Decimal Bytes (Attributes)
--------------------------------        ----        ----        ------- ----- ------------
_CODE                               00000200    00000C03 =        3075. bytes (REL,CON)

      Value  Global                              Global Defined In Module
      -----  --------------------------------   ------------------------
     00000200  ___HandleCrash                     
     0000020A  _SIO_send_byte                     
     0000021D  _SIO_receive                       
     0000022E  _hide_hardware_sprites             OAM_utils
     0000025A  _SetTile                           
     00000269  _set_win_tile_xy                   
     0000026E  _set_bkg_tile_xy                   
     00000291  _GetWinAddr                        
     00000299  _GetBkgAddr                        
     000002A7  _state_init                        
     000002AC  _state_update                      
     000002CE  _ui_time_masks                     
     000002D6  _ui_print_shift_char               
     00000359  _ui_draw_frame_row                 
     00000362  .ui_draw_frame_row                 
     0000038B  _script_cmds                       vm_instructions
     00000529  _start_scene_x                     
     0000052B  _start_scene_y                     
     0000052D  _start_scene_dir                   
     0000052E  _start_scene                       
     00000531  _start_player_move_speed           
     00000532  _start_player_anim_tick            
     00000533  _ui_fonts                          
     00000536  _core_reset_hook                   main
     0000053E  _main                              main
     00000546  _state_start_fns                   
     00000558  _state_update_fns                  
     0000056A  _hUGE_init_banked                  hUGEDriver_obj
     0000056E  _hUGE_init                         hUGEDriver_obj
     00000579  _hUGE_mute_channel_banked          hUGEDriver_obj
     0000057D  _hUGE_mute_channel                 hUGEDriver_obj
     0000058A  hUGE_mute_channel                  hUGEDriver_obj
     000005A4  _hUGE_set_position_banked          hUGEDriver_obj
     000005A8  _hUGE_set_position                 hUGEDriver_obj
     000005B1  hUGE_init                          hUGEDriver_obj
     0000081E  hUGE_set_position                  hUGEDriver_obj
     000009BC  _hUGE_dosound                      hUGEDriver_obj
     000009BC  _hUGE_dosound_banked               hUGEDriver_obj
     00000CD0  _set_sprite_palette                CGB
     00000CD5  _set_bkg_palette                   CGB
     00000CD8  .set_palette                       CGB
     00000CF7  _set_sprite_palette_entry          CGB
     00000CFC  _set_bkg_palette_entry             CGB
     00000CFF  .set_palette_entry                 CGB
     00000D1B  .sgb_check                         
     00000D1B  _sgb_check                         
     00000D63  _sgb_transfer                      
     00000D68  .sgb_transfer                      
     00000DA9  ___move_metasprite                 Metasprites
     00000DE1  _cpu_slow                          CGB
ASxxxx Linker V03.00 + NoICE + sdld,  page 17.
Hexadecimal  [32-Bits]

Area                                    Addr        Size        Decimal Bytes (Attributes)
--------------------------------        ----        ----        ------- ----- ------------
_CODE                               00000200    00000C03 =        3075. bytes (REL,CON)

      Value  Global                              Global Defined In Module
      -----  --------------------------------   ------------------------
     00000DFC  _cpu_fast                          CGB
ASxxxx Linker V03.00 + NoICE + sdld,  page 18.
Hexadecimal  [32-Bits]

Area                                    Addr        Size        Decimal Bytes (Attributes)
--------------------------------        ----        ----        ------- ----- ------------
_HEADER0                            00000000    00000001 =           1. bytes (ABS,CON)

      Value  Global                              Global Defined In Module
      -----  --------------------------------   ------------------------
     00000020  .call_hl                           Runtime

ASxxxx Linker V03.00 + NoICE + sdld,  page 19.
Hexadecimal  [32-Bits]

Area                                    Addr        Size        Decimal Bytes (Attributes)
--------------------------------        ----        ----        ------- ----- ------------
_HEADER1                            00000000    00000005 =           5. bytes (ABS,CON)

      Value  Global                              Global Defined In Module
      -----  --------------------------------   ------------------------
     00000028  .MemsetSmall                       Runtime

ASxxxx Linker V03.00 + NoICE + sdld,  page 20.
Hexadecimal  [32-Bits]

Area                                    Addr        Size        Decimal Bytes (Attributes)
--------------------------------        ----        ----        ------- ----- ------------
_HEADER2                            00000000    00000007 =           7. bytes (ABS,CON)

      Value  Global                              Global Defined In Module
      -----  --------------------------------   ------------------------
     00000030  .MemcpySmall                       Runtime

ASxxxx Linker V03.00 + NoICE + sdld,  page 21.
Hexadecimal  [32-Bits]

Area                                    Addr        Size        Decimal Bytes (Attributes)
--------------------------------        ----        ----        ------- ----- ------------
_HEADER3                            00000000    00000008 =           8. bytes (ABS,CON)

      Value  Global                              Global Defined In Module
      -----  --------------------------------   ------------------------
ASxxxx Linker V03.00 + NoICE + sdld,  page 22.
Hexadecimal  [32-Bits]

Area                                    Addr        Size        Decimal Bytes (Attributes)
--------------------------------        ----        ----        ------- ----- ------------
_HEADER4                            00000000    0000004E =          78. bytes (ABS,CON)

      Value  Global                              Global Defined In Module
      -----  --------------------------------   ------------------------
     00000080  .int                               Runtime
     0000008F  _wait_int_handler                  Runtime
     0000009C  __standard_VBL_handler             Runtime
     000000AC  _refresh_OAM                       Runtime

ASxxxx Linker V03.00 + NoICE + sdld,  page 23.
Hexadecimal  [32-Bits]

Area                                    Addr        Size        Decimal Bytes (Attributes)
--------------------------------        ----        ----        ------- ----- ------------
_HEADER5                            00000000    00000002 =           2. bytes (ABS,CON)

      Value  Global                              Global Defined In Module
      -----  --------------------------------   ------------------------
ASxxxx Linker V03.00 + NoICE + sdld,  page 24.
Hexadecimal  [32-Bits]

Area                                    Addr        Size        Decimal Bytes (Attributes)
--------------------------------        ----        ----        ------- ----- ------------
_HEADER6                            00000000    00000030 =          48. bytes (ABS,CON)

      Value  Global                              Global Defined In Module
      -----  --------------------------------   ------------------------
ASxxxx Linker V03.00 + NoICE + sdld,  page 25.
Hexadecimal  [32-Bits]

Area                                    Addr        Size        Decimal Bytes (Attributes)
--------------------------------        ----        ----        ------- ----- ------------
_HEADER7                            00000000    00000006 =           6. bytes (ABS,CON)

      Value  Global                              Global Defined In Module
      -----  --------------------------------   ------------------------
ASxxxx Linker V03.00 + NoICE + sdld,  page 26.
Hexadecimal  [32-Bits]

Area                                    Addr        Size        Decimal Bytes (Attributes)
--------------------------------        ----        ----        ------- ----- ------------
_HEADER8                            00000000    00000003 =           3. bytes (ABS,CON)

      Value  Global                              Global Defined In Module
      -----  --------------------------------   ------------------------
ASxxxx Linker V03.00 + NoICE + sdld,  page 27.
Hexadecimal  [32-Bits]

Area                                    Addr        Size        Decimal Bytes (Attributes)
--------------------------------        ----        ----        ------- ----- ------------
_HEADER9                            00000000    00000001 =           1. bytes (ABS,CON)

      Value  Global                              Global Defined In Module
      -----  --------------------------------   ------------------------
ASxxxx Linker V03.00 + NoICE + sdld,  page 28.
Hexadecimal  [32-Bits]

Area                                    Addr        Size        Decimal Bytes (Attributes)
--------------------------------        ----        ----        ------- ----- ------------
_HEADERa                            00000000    00000001 =           1. bytes (ABS,CON)

      Value  Global                              Global Defined In Module
      -----  --------------------------------   ------------------------
ASxxxx Linker V03.00 + NoICE + sdld,  page 29.
Hexadecimal  [32-Bits]

Area                                    Addr        Size        Decimal Bytes (Attributes)
--------------------------------        ----        ----        ------- ----- ------------
_HEADERb                            00000000    00000001 =           1. bytes (ABS,CON)

      Value  Global                              Global Defined In Module
      -----  --------------------------------   ------------------------
ASxxxx Linker V03.00 + NoICE + sdld,  page 30.
Hexadecimal  [32-Bits]

Area                                    Addr        Size        Decimal Bytes (Attributes)
--------------------------------        ----        ----        ------- ----- ------------
_HEADERc                            00000000    00000002 =           2. bytes (ABS,CON)

      Value  Global                              Global Defined In Module
      -----  --------------------------------   ------------------------
ASxxxx Linker V03.00 + NoICE + sdld,  page 31.
Hexadecimal  [32-Bits]

Area                                    Addr        Size        Decimal Bytes (Attributes)
--------------------------------        ----        ----        ------- ----- ------------
_HEADERd                            00000000    00000001 =           1. bytes (ABS,CON)

      Value  Global                              Global Defined In Module
      -----  --------------------------------   ------------------------
ASxxxx Linker V03.00 + NoICE + sdld,  page 32.
Hexadecimal  [32-Bits]

Area                                    Addr        Size        Decimal Bytes (Attributes)
--------------------------------        ----        ----        ------- ----- ------------
_HEADERe                            00000000    00000001 =           1. bytes (ABS,CON)

      Value  Global                              Global Defined In Module
      -----  --------------------------------   ------------------------
ASxxxx Linker V03.00 + NoICE + sdld,  page 33.
Hexadecimal  [32-Bits]

Area                                    Addr        Size        Decimal Bytes (Attributes)
--------------------------------        ----        ----        ------- ----- ------------
_HEADERf                            00000000    00000002 =           2. bytes (ABS,CON)

      Value  Global                              Global Defined In Module
      -----  --------------------------------   ------------------------
ASxxxx Linker V03.00 + NoICE + sdld,  page 34.
Hexadecimal  [32-Bits]

Area                                    Addr        Size        Decimal Bytes (Attributes)
--------------------------------        ----        ----        ------- ----- ------------
_HEADER10                           00000000    00000082 =         130. bytes (ABS,CON)

      Value  Global                              Global Defined In Module
      -----  --------------------------------   ------------------------
     00000150  .reset                             Runtime
     00000150  _reset                             Runtime
     00000157  .code_start                        Runtime
     000001B7  _exit                              Runtime
     000001BB  _set_interrupts                    Runtime

ASxxxx Linker V03.00 + NoICE + sdld,  page 35.
Hexadecimal  [32-Bits]

Area                                    Addr        Size        Decimal Bytes (Attributes)
--------------------------------        ----        ----        ------- ----- ------------
_HEADER11                           00000000    00000001 =           1. bytes (ABS,CON)

      Value  Global                              Global Defined In Module
      -----  --------------------------------   ------------------------
ASxxxx Linker V03.00 + NoICE + sdld,  page 36.
Hexadecimal  [32-Bits]

Area                                    Addr        Size        Decimal Bytes (Attributes)
--------------------------------        ----        ----        ------- ----- ------------
_HOME                               00000E03    000027A6 =       10150. bytes (REL,CON)

      Value  Global                              Global Defined In Module
      -----  --------------------------------   ------------------------
     00000E03  .memset_simple                     Runtime
     00000E0C  .memcpy_simple                     Runtime
     00000E29  .remove_VBL                        Runtime
     00000E2C  .remove_int                        Runtime
     00000E49  .add_VBL                           Runtime
     00000E4C  .add_int                           Runtime
     00000E57  .wait_vbl_done                     Runtime
     00000E57  _wait_vbl_done                     Runtime
     00000E67  .display_off                       Runtime
     00000E67  _display_off                       Runtime
     00000E7F  _remove_VBL                        Runtime
     00000E8A  _add_VBL                           Runtime
     00000E95  _actors_update                     actor
     00001208  _SetBankedBkgData                  bankdata
     00001224  _SetBankedSpriteData               bankdata
     00001240  _SetBankedBkgTiles                 bankdata
     0000125C  _SetBankedWinTiles                 bankdata
     00001278  _ReadBankedFarPtr                  bankdata
     0000129F  _ReadBankedUWORD                   bankdata
     000012BB  _MemcpyBanked                      bankdata
     000012D7  _MemcpyVRAMBanked                  bankdata
     000012F3  _camera_update                     camera
     00001426  _load_animations                   data_manager
     00001485  _events_update                     events
     00001555  _timers_update                     events
     000015DD  _input_update                      input
     0000160C  .sio_ISR                           
     00001666  .timer_ISR                         
     0000167B  _simple_LCD_isr                    interrupts
     000016C6  _fullscreen_LCD_isr                interrupts
     000016F7  _VBL_isr                           interrupts
     00001734  _isqrt                             math
     0000178A  _sine_wave                         math
     0000188A  _dir_lookup                        math
     00001892  _dir_angle_lookup                  math
     00001896  _hUGETrackerRoutine                music_manager
     000018C2  _music_events_update               music_manager
     00001944  _music_play                        music_manager
     000019C4  _music_mute                        music_manager
     000019EC  _music_update                      music_manager
     00001A4C  _sound_stop                        music_manager
     00001A7D  _parallax_LCD_isr                  parallax
     00001ABA  _projectiles_update                projectiles
     00001E73  _projectiles_render                projectiles
     00001FE6  _sample_play_isr                   sample_player
     00002065  _scroll_load_pending_row           scroll
     000020F1  _scroll_load_row                   scroll
     0000216B  _scroll_load_col                   scroll
     000021D6  _scroll_load_pending_col           scroll
     00002267  _set_bkg_submap                    
ASxxxx Linker V03.00 + NoICE + sdld,  page 37.
Hexadecimal  [32-Bits]

Area                                    Addr        Size        Decimal Bytes (Attributes)
--------------------------------        ----        ----        ------- ----- ------------
_HOME                               00000E03    000027A6 =       10150. bytes (REL,CON)

      Value  Global                              Global Defined In Module
      -----  --------------------------------   ------------------------
     000022AA  _set_xy_win_submap                 
     000022D3  .set_xy_win_submap                 
     000022DC  .set_xy_bkg_submap                 
     000022EB  .set_xy_submap                     
     00002331  _on_SIO_receive                    sio
     00002372  _SIO_update                        sio
     000023D9  _ui_update                         ui
     00002499  _vm_sgb_transfer                   vm_sgb
     000024E7  _vm_load_text                      vm_ui
     0000273C  _vm_beginthread                    vm
     00002861  _vm_rpn                            vm
     00002F25  _vm_call_native                    vm
     00002F2F  _VM_STEP                           vm
     00002F99  _script_runner_update              vm
     00003113  _fill_win_rect                     
     00003125  _rand                              
     00003125  _randw                             
     00003150  _initrand                          
     00003152  .initrand                          
     0000315B  __mulsuchar                        mul
     00003165  __muluschar                        mul
     0000316F  __mulschar                         mul
     00003181  __muluchar                         mul
     0000318D  __mulint                           mul
     000031B3  _abs                               abs
     000031C2  _set_win_tiles                     
     000031D6  _set_tile_data                     
     000031DB  _set_bkg_data                      
     000031DB  _set_win_data                      
     000031E3  _set_sprite_data                   
     00003213  _reverse                           reverse
     00003247  ___call__banked                    far_ptr
     00003264  _to_far_ptr                        far_ptr
     0000329D  _add_LCD                           
     000032A8  .add_LCD                           
     000032AE  _remove_LCD                        
     000032B9  .remove_LCD                        
     000032BF  .fill_rect_wtt                     
     000032C8  .fill_rect_btt                     
     00003315  .copy_vram                         
     00003329  _get_data                          
     00003329  _set_data                          
     00003329  _vmemcpy                           
     0000333C  _fill_bkg_rect                     
     0000334E  .padup                             
     0000334E  _waitpadup                         
     0000335E  .jpad                              
     0000335E  _joypad                            
     00003386  _waitpad                           
     00003389  .wait_pad                          
     00003390  ___sdcc_call_hl                    call_hl
ASxxxx Linker V03.00 + NoICE + sdld,  page 38.
Hexadecimal  [32-Bits]

Area                                    Addr        Size        Decimal Bytes (Attributes)
--------------------------------        ----        ----        ------- ----- ------------
_HOME                               00000E03    000027A6 =       10150. bytes (REL,CON)

      Value  Global                              Global Defined In Module
      -----  --------------------------------   ------------------------
     00003391  ___memcpy                          memcpy
     00003391  _memcpy                            memcpy
     000033D4  _memset                            memset
     00003407  ___sdcc_bcall_ehl                  
     00003418  __divsuchar                        div
     00003425  __modsuchar                        div
     0000342F  __divuschar                        div
     00003441  __moduschar                        div
     00003451  __divschar                         div
     0000345D  __modschar                         div
     00003467  __divsint                          div
     00003478  __modsint                          div
     00003487  __divuchar                         div
     00003493  __moduchar                         div
     0000349D  __divuint                          div
     000034AE  __moduint                          div
     000034BD  .div8                              div
     000034BD  .mod8                              div
     000034C5  .div16                             div
     000034C5  .mod16                             div
     000034FB  .divu8                             div
     000034FB  .modu8                             div
     000034FE  .divu16                            div
     000034FE  .modu16                            div
     0000353F  _set_bkg_tiles                     
     00003553  .set_xy_wtt                        
     0000355C  .set_xy_btt                        
     0000356B  .set_xy_tt                         
ASxxxx Linker V03.00 + NoICE + sdld,  page 39.
Hexadecimal  [32-Bits]

Area                                    Addr        Size        Decimal Bytes (Attributes)
--------------------------------        ----        ----        ------- ----- ------------
_INITIALIZER                        000035A9    0000000E =          14. bytes (REL,CON)

      Value  Global                              Global Defined In Module
      -----  --------------------------------   ------------------------
ASxxxx Linker V03.00 + NoICE + sdld,  page 40.
Hexadecimal  [32-Bits]

Area                                    Addr        Size        Decimal Bytes (Attributes)
--------------------------------        ----        ----        ------- ----- ------------
_GSINIT                             000035B7    0000002D =          45. bytes (REL,CON)

      Value  Global                              Global Defined In Module
      -----  --------------------------------   ------------------------
     000035B7  gsinit                             Runtime

ASxxxx Linker V03.00 + NoICE + sdld,  page 41.
Hexadecimal  [32-Bits]

Area                                    Addr        Size        Decimal Bytes (Attributes)
--------------------------------        ----        ----        ------- ----- ------------
_GSFINAL                            000035E4    00000001 =           1. bytes (REL,CON)

      Value  Global                              Global Defined In Module
      -----  --------------------------------   ------------------------
ASxxxx Linker V03.00 + NoICE + sdld,  page 42.
Hexadecimal  [32-Bits]

Area                                    Addr        Size        Decimal Bytes (Attributes)
--------------------------------        ----        ----        ------- ----- ------------
_DATA                               0000C0A0    000018FB =        6395. bytes (REL,CON)

      Value  Global                              Global Defined In Module
      -----  --------------------------------   ------------------------
     0000C0A0  __cpu                              Runtime
     0000C0A1  __is_GBA                           Runtime
     0000C0A2  .mode                              Runtime
     0000C0A3  .sys_time                          Runtime
     0000C0A3  _sys_time                          Runtime
     0000C0A5  .int_0x40                          Runtime
     0000C0B9  _actors                            actor
     0000C4D3  _actors_active_head                actor
     0000C4D5  _actors_inactive_head              actor
     0000C4D7  _screen_x                          actor
     0000C4D8  _screen_y                          actor
     0000C4D9  _invalid                           actor
     0000C4DB  _player_moving                     actor
     0000C4DC  _player_iframes                    actor
     0000C4DD  _player_collision_actor            actor
     0000C4DF  _emote_actor                       actor
     0000C4E1  _emote_timer                       actor
     0000C4E2  _allocated_hardware_sprites        actor
     0000C4EA  _camera_x                          camera
     0000C4EC  _camera_y                          camera
     0000C4EE  _camera_offset_x                   camera
     0000C4EF  _camera_offset_y                   camera
     0000C4F0  _camera_deadzone_x                 camera
     0000C4F1  _camera_deadzone_y                 camera
     0000C4F2  _camera_settings                   camera
     0000C4F6  _current_scene                     data_manager
     0000C4F9  _image_bank                        data_manager
     0000C4FA  _image_ptr                         data_manager
     0000C4FC  _image_attr_bank                   data_manager
     0000C4FD  _image_attr_ptr                    data_manager
     0000C4FF  _collision_bank                    data_manager
     0000C500  _collision_ptr                     data_manager
     0000C502  _image_tile_width                  data_manager
     0000C503  _image_tile_height                 data_manager
     0000C504  _image_width                       data_manager
     0000C506  _image_height                      data_manager
     0000C508  _sprites_len                       data_manager
     0000C509  _actors_len                        data_manager
     0000C50A  _projectiles_len                   data_manager
     0000C50B  _player_sprite_len                 data_manager
     0000C50C  _scene_type                        data_manager
     0000C50D  _scene_LCD_type                    data_manager
     0000C50E  _scene_stack                       data_manager
     0000C54E  _scene_stack_ptr                   data_manager
     0000C553  _input_events                      events
     0000C57B  _input_slots                       events
     0000C583  _timer_events                      events
     0000C597  _timer_values                      events
     0000C59F  _fade_running                      fade_manager
     0000C5A0  _fade_frames_per_step              fade_manager
ASxxxx Linker V03.00 + NoICE + sdld,  page 43.
Hexadecimal  [32-Bits]

Area                                    Addr        Size        Decimal Bytes (Attributes)
--------------------------------        ----        ----        ------- ----- ------------
_DATA                               0000C0A0    000018FB =        6395. bytes (REL,CON)

      Value  Global                              Global Defined In Module
      -----  --------------------------------   ------------------------
     0000C5A1  _fade_timer                        fade_manager
     0000C5A4  _joypads                           input
     0000C5A9  _frame_joy                         input
     0000C5AA  _last_joy                          input
     0000C5AB  _recent_joy                        input
     0000C5AC  _SIO_status                        
     0000C5AD  _link_byte_sent                    
     0000C5AE  _link_next_mode                    
     0000C5AF  _save_blob_size                    load_save
     0000C5B1  _current_track                     music_manager
     0000C5B3  _tone_frames                       music_manager
     0000C5B4  _channel_mask                      music_manager
     0000C5B5  _sound_channel                     music_manager
     0000C5B6  _current_track_bank                music_manager
     0000C5B7  _music_stopped                     music_manager
     0000C5B8  _huge_initialized                  music_manager
     0000C5B9  _routine_queue                     music_manager
     0000C5BD  _routine_queue_head                music_manager
     0000C5BE  _routine_queue_tail                music_manager
     0000C5BF  _music_events                      music_manager
     0000C5D3  _DMG_palette                       palette
     0000C5D6  _SprPalette                        palette
     0000C616  _parallax_rows                     parallax
     0000C628  _parallax_row                      parallax
     0000C62A  _projectiles                       projectiles
     0000C6E3  _projectile_defs                   projectiles
     0000C756  _projectiles_active_head           projectiles
     0000C758  _projectiles_inactive_head         projectiles
     0000C75F  _scroll_x                          scroll
     0000C761  _scroll_y                          scroll
     0000C763  _draw_scroll_x                     scroll
     0000C765  _draw_scroll_y                     scroll
     0000C767  _scroll_x_max                      scroll
     0000C769  _scroll_y_max                      scroll
     0000C76B  _scroll_offset_x                   scroll
     0000C76C  _scroll_offset_y                   scroll
     0000C76D  _pending_h_x                       scroll
     0000C76E  _pending_h_y                       scroll
     0000C76F  _pending_h_i                       scroll
     0000C770  _pending_w_x                       scroll
     0000C771  _pending_w_y                       scroll
     0000C772  _pending_w_i                       scroll
     0000C773  _current_row                       scroll
     0000C775  _new_row                           scroll
     0000C777  _current_col                       scroll
     0000C779  _new_col                           scroll
     0000C77B  .image_tile_width                  
     0000C77C  _link_operation_mode               sio
     0000C77D  _link_packet                       sio
     0000C79D  _link_packet_len                   sio
     0000C79E  _link_packet_ptr                   sio
ASxxxx Linker V03.00 + NoICE + sdld,  page 44.
Hexadecimal  [32-Bits]

Area                                    Addr        Size        Decimal Bytes (Attributes)
--------------------------------        ----        ----        ------- ----- ------------
[...]
                                          [ script_s15t0_interact ]
C:/Users/luisc/AppData/Local/Temp/_gbsbuild/obj/script_s15t1_interact.rel
                                          [ script_s15t1_interact ]
C:/Users/luisc/AppData/Local/Temp/_gbsbuild/obj/script_s16_init.rel
                                          [ script_s16_init ]
C:/Users/luisc/AppData/Local/Temp/_gbsbuild/obj/script_s16_p_hit1.rel
                                          [ script_s16_p_hit1 ]
C:/Users/luisc/AppData/Local/Temp/_gbsbuild/obj/script_s16a1_interact.rel
                                          [ script_s16a1_interact ]
C:/Users/luisc/AppData/Local/Temp/_gbsbuild/obj/script_s16a2_interact.rel
                                          [ script_s16a2_interact ]
C:/Users/luisc/AppData/Local/Temp/_gbsbuild/obj/script_s16a3_interact.rel
                                          [ script_s16a3_interact ]
C:/Users/luisc/AppData/Local/Temp/_gbsbuild/obj/script_s16a4_update.rel
                                          [ script_s16a4_update ]
C:/Users/luisc/AppData/Local/Temp/_gbsbuild/obj/script_s16a5_update.rel
                                          [ script_s16a5_update ]
C:/Users/luisc/AppData/Local/Temp/_gbsbuild/obj/script_s16a6_update.rel
                                          [ script_s16a6_update ]
C:/Users/luisc/AppData/Local/Temp/_gbsbuild/obj/script_s16a7_interact.rel
                                          [ script_s16a7_interact ]
C:/Users/luisc/AppData/Local/Temp/_gbsbuild/obj/script_s16a8_interact.rel
                                          [ script_s16a8_interact ]
C:/Users/luisc/AppData/Local/Temp/_gbsbuild/obj/script_s16t0_interact.rel
                                          [ script_s16t0_interact ]
C:/Users/luisc/AppData/Local/Temp/_gbsbuild/obj/script_s16t1_interact.rel
                                          [ script_s16t1_interact ]
C:/Users/luisc/AppData/Local/Temp/_gbsbuild/obj/script_s16t2_interact.rel
                                          [ script_s16t2_interact ]
C:/Users/luisc/AppData/Local/Temp/_gbsbuild/obj/script_s16t3_interact.rel
                                          [ script_s16t3_interact ]
C:/Users/luisc/AppData/Local/Temp/_gbsbuild/obj/script_s1a1_interact.rel
                                          [ script_s1a1_interact ]
C:/Users/luisc/AppData/Local/Temp/_gbsbuild/obj/script_s2_init.rel
                                          [ script_s2_init ]
C:/Users/luisc/AppData/Local/Temp/_gbsbuild/obj/script_s2a1_interact.rel
                                          [ script_s2a1_interact ]
C:/Users/luisc/AppData/Local/Temp/_gbsbuild/obj/script_s2t0_interact.rel
                                          [ script_s2t0_interact ]
C:/Users/luisc/AppData/Local/Temp/_gbsbuild/obj/script_s3_init.rel
                                          [ script_s3_init ]
C:/Users/luisc/AppData/Local/Temp/_gbsbuild/obj/script_s3a1_interact.rel
                                          [ script_s3a1_interact ]
C:/Users/luisc/AppData/Local/Temp/_gbsbuild/obj/script_s3a2_interact.rel
                                          [ script_s3a2_interact ]
C:/Users/luisc/AppData/Local/Temp/_gbsbuild/obj/script_s3t0_interact.rel
                                          [ script_s3t0_interact ]
C:/Users/luisc/AppData/Local/Temp/_gbsbuild/obj/script_s4_init.rel
                                          [ script_s4_init ]
C:/Users/luisc/AppData/Local/Temp/_gbsbuild/obj/script_s4a1_interact.rel
                                          [ script_s4a1_interact ]
C:/Users/luisc/AppData/Local/Temp/_gbsbuild/obj/script_s4a2_interact.rel
                                          [ script_s4a2_interact ]
C:/Users/luisc/AppData/Local/Temp/_gbsbuild/obj/script_s4a3_interact.rel
                                          [ script_s4a3_interact ]
C:/Users/luisc/AppData/Local/Temp/_gbsbuild/obj/script_s4t0_interact.rel
                                          [ script_s4t0_interact ]
C:/Users/luisc/AppData/Local/Temp/_gbsbuild/obj/script_s5_init.rel
                                          [ script_s5_init ]
C:/Users/luisc/AppData/Local/Temp/_gbsbuild/obj/script_s6_init.rel
                                          [ script_s6_init ]
C:/Users/luisc/AppData/Local/Temp/_gbsbuild/obj/script_s7_init.rel
                                          [ script_s7_init ]
C:/Users/luisc/AppData/Local/Temp/_gbsbuild/obj/script_s7a1_interact.rel
                                          [ script_s7a1_interact ]
C:/Users/luisc/AppData/Local/Temp/_gbsbuild/obj/script_s7a2_interact.rel
                                          [ script_s7a2_interact ]
C:/Users/luisc/AppData/Local/Temp/_gbsbuild/obj/script_s7a3_interact.rel
                                          [ script_s7a3_interact ]
C:/Users/luisc/AppData/Local/Temp/_gbsbuild/obj/script_s7t0_interact.rel
                                          [ script_s7t0_interact ]
C:/Users/luisc/AppData/Local/Temp/_gbsbuild/obj/script_s7t1_interact.rel
                                          [ script_s7t1_interact ]
C:/Users/luisc/AppData/Local/Temp/_gbsbuild/obj/script_s8_init.rel
                                          [ script_s8_init ]
C:/Users/luisc/AppData/Local/Temp/_gbsbuild/obj/script_s8_p_hit1.rel
                                          [ script_s8_p_hit1 ]
C:/Users/luisc/AppData/Local/Temp/_gbsbuild/obj/script_s8a1_interact.rel
                                          [ script_s8a1_interact ]
C:/Users/luisc/AppData/Local/Temp/_gbsbuild/obj/script_s8a2_interact.rel
                                          [ script_s8a2_interact ]
C:/Users/luisc/AppData/Local/Temp/_gbsbuild/obj/script_s8a3_interact.rel
                                          [ script_s8a3_interact ]
C:/Users/luisc/AppData/Local/Temp/_gbsbuild/obj/script_s8a4_update.rel
                                          [ script_s8a4_update ]
C:/Users/luisc/AppData/Local/Temp/_gbsbuild/obj/script_s8t0_interact.rel
                                          [ script_s8t0_interact ]
C:/Users/luisc/AppData/Local/Temp/_gbsbuild/obj/script_s8t1_interact.rel
                                          [ script_s8t1_interact ]
C:/Users/luisc/AppData/Local/Temp/_gbsbuild/obj/script_s9_init.rel
                                          [ script_s9_init ]
C:/Users/luisc/AppData/Local/Temp/_gbsbuild/obj/script_s9_p_hit1.rel
                                          [ script_s9_p_hit1 ]
C:/Users/luisc/AppData/Local/Temp/_gbsbuild/obj/script_s9a1_interact.rel
                                          [ script_s9a1_interact ]
C:/Users/luisc/AppData/Local/Temp/_gbsbuild/obj/script_s9a2_interact.rel
                                          [ script_s9a2_interact ]
C:/Users/luisc/AppData/Local/Temp/_gbsbuild/obj/script_s9a3_interact.rel
                                          [ script_s9a3_interact ]
C:/Users/luisc/AppData/Local/Temp/_gbsbuild/obj/script_s9a4_update.rel
                                          [ script_s9a4_update ]
C:/Users/luisc/AppData/Local/Temp/_gbsbuild/obj/script_s9a5_update.rel
                                          [ script_s9a5_update ]
C:/Users/luisc/AppData/Local/Temp/_gbsbuild/obj/script_s9t0_interact.rel
                                          [ script_s9t0_interact ]
C:/Users/luisc/AppData/Local/Temp/_gbsbuild/obj/spritesheet_0.rel
                                          [ spritesheet_0 ]
C:/Users/luisc/AppData/Local/Temp/_gbsbuild/obj/spritesheet_1.rel
                                          [ spritesheet_1 ]
C:/Users/luisc/AppData/Local/Temp/_gbsbuild/obj/spritesheet_10.rel
                                          [ spritesheet_10 ]
C:/Users/luisc/AppData/Local/Temp/_gbsbuild/obj/spritesheet_11.rel
                                          [ spritesheet_11 ]
C:/Users/luisc/AppData/Local/Temp/_gbsbuild/obj/spritesheet_12.rel
                                          [ spritesheet_12 ]
C:/Users/luisc/AppData/Local/Temp/_gbsbuild/obj/spritesheet_13.rel
                                          [ spritesheet_13 ]
C:/Users/luisc/AppData/Local/Temp/_gbsbuild/obj/spritesheet_14.rel
                                          [ spritesheet_14 ]
C:/Users/luisc/AppData/Local/Temp/_gbsbuild/obj/spritesheet_15.rel
                                          [ spritesheet_15 ]
C:/Users/luisc/AppData/Local/Temp/_gbsbuild/obj/spritesheet_2.rel
                                          [ spritesheet_2 ]
C:/Users/luisc/AppData/Local/Temp/_gbsbuild/obj/spritesheet_3.rel
                                          [ spritesheet_3 ]
C:/Users/luisc/AppData/Local/Temp/_gbsbuild/obj/spritesheet_4.rel
                                          [ spritesheet_4 ]
C:/Users/luisc/AppData/Local/Temp/_gbsbuild/obj/spritesheet_5.rel
                                          [ spritesheet_5 ]
C:/Users/luisc/AppData/Local/Temp/_gbsbuild/obj/spritesheet_6.rel
                                          [ spritesheet_6 ]
C:/Users/luisc/AppData/Local/Temp/_gbsbuild/obj/spritesheet_7.rel
                                          [ spritesheet_7 ]
C:/Users/luisc/AppData/Local/Temp/_gbsbuild/obj/spritesheet_8.rel
                                          [ spritesheet_8 ]
C:/Users/luisc/AppData/Local/Temp/_gbsbuild/obj/spritesheet_9.rel
                                          [ spritesheet_9 ]
C:/Users/luisc/AppData/Local/Temp/_gbsbuild/obj/spritesheet_none.rel
                                          [ spritesheet_none ]
C:/Users/luisc/AppData/Local/Temp/_gbsbuild/obj/tilemap_0.rel
                                          [ tilemap_0 ]
C:/Users/luisc/AppData/Local/Temp/_gbsbuild/obj/tilemap_1.rel
                                          [ tilemap_1 ]
C:/Users/luisc/AppData/Local/Temp/_gbsbuild/obj/tilemap_10.rel
                                          [ tilemap_10 ]
C:/Users/luisc/AppData/Local/Temp/_gbsbuild/obj/tilemap_11.rel
                                          [ tilemap_11 ]
C:/Users/luisc/AppData/Local/Temp/_gbsbuild/obj/tilemap_12.rel
                                          [ tilemap_12 ]
C:/Users/luisc/AppData/Local/Temp/_gbsbuild/obj/tilemap_13.rel
                                          [ tilemap_13 ]
C:/Users/luisc/AppData/Local/Temp/_gbsbuild/obj/tilemap_14.rel
                                          [ tilemap_14 ]
C:/Users/luisc/AppData/Local/Temp/_gbsbuild/obj/tilemap_15.rel
                                          [ tilemap_15 ]
C:/Users/luisc/AppData/Local/Temp/_gbsbuild/obj/tilemap_16.rel
                                          [ tilemap_16 ]
C:/Users/luisc/AppData/Local/Temp/_gbsbuild/obj/tilemap_2.rel
                                          [ tilemap_2 ]
C:/Users/luisc/AppData/Local/Temp/_gbsbuild/obj/tilemap_3.rel
                                          [ tilemap_3 ]
C:/Users/luisc/AppData/Local/Temp/_gbsbuild/obj/tilemap_4.rel
                                          [ tilemap_4 ]
C:/Users/luisc/AppData/Local/Temp/_gbsbuild/obj/tilemap_5.rel
                                          [ tilemap_5 ]
C:/Users/luisc/AppData/Local/Temp/_gbsbuild/obj/tilemap_6.rel
                                          [ tilemap_6 ]
C:/Users/luisc/AppData/Local/Temp/_gbsbuild/obj/tilemap_7.rel
                                          [ tilemap_7 ]
C:/Users/luisc/AppData/Local/Temp/_gbsbuild/obj/tilemap_8.rel
                                          [ tilemap_8 ]
C:/Users/luisc/AppData/Local/Temp/_gbsbuild/obj/tilemap_9.rel
                                          [ tilemap_9 ]
C:/Users/luisc/AppData/Local/Temp/_gbsbuild/obj/tilemap_attr_0.rel
                                          [ tilemap_attr_0 ]
C:/Users/luisc/AppData/Local/Temp/_gbsbuild/obj/tilemap_attr_1.rel
                                          [ tilemap_attr_1 ]
C:/Users/luisc/AppData/Local/Temp/_gbsbuild/obj/tilemap_attr_10.rel
                                          [ tilemap_attr_10 ]
C:/Users/luisc/AppData/Local/Temp/_gbsbuild/obj/tilemap_attr_11.rel
                                          [ tilemap_attr_11 ]
C:/Users/luisc/AppData/Local/Temp/_gbsbuild/obj/tilemap_attr_12.rel
                                          [ tilemap_attr_12 ]
C:/Users/luisc/AppData/Local/Temp/_gbsbuild/obj/tilemap_attr_13.rel
                                          [ tilemap_attr_13 ]
C:/Users/luisc/AppData/Local/Temp/_gbsbuild/obj/tilemap_attr_14.rel
                                          [ tilemap_attr_14 ]
C:/Users/luisc/AppData/Local/Temp/_gbsbuild/obj/tilemap_attr_2.rel
                                          [ tilemap_attr_2 ]
C:/Users/luisc/AppData/Local/Temp/_gbsbuild/obj/tilemap_attr_3.rel
                                          [ tilemap_attr_3 ]
C:/Users/luisc/AppData/Local/Temp/_gbsbuild/obj/tilemap_attr_4.rel
                                          [ tilemap_attr_4 ]
C:/Users/luisc/AppData/Local/Temp/_gbsbuild/obj/tilemap_attr_5.rel
                                          [ tilemap_attr_5 ]
C:/Users/luisc/AppData/Local/Temp/_gbsbuild/obj/tilemap_attr_6.rel
                                          [ tilemap_attr_6 ]
C:/Users/luisc/AppData/Local/Temp/_gbsbuild/obj/tilemap_attr_7.rel
                                          [ tilemap_attr_7 ]
C:/Users/luisc/AppData/Local/Temp/_gbsbuild/obj/tilemap_attr_8.rel
                                          [ tilemap_attr_8 ]
C:/Users/luisc/AppData/Local/Temp/_gbsbuild/obj/tilemap_attr_9.rel
                                          [ tilemap_attr_9 ]
C:/Users/luisc/AppData/Local/Temp/_gbsbuild/obj/tileset_0.rel
                                          [ tileset_0 ]
C:/Users/luisc/AppData/Local/Temp/_gbsbuild/obj/tileset_1.rel
                                          [ tileset_1 ]
C:/Users/luisc/AppData/Local/Temp/_gbsbuild/obj/tileset_10.rel
                                          [ tileset_10 ]
C:/Users/luisc/AppData/Local/Temp/_gbsbuild/obj/tileset_11.rel
                                          [ tileset_11 ]
C:/Users/luisc/AppData/Local/Temp/_gbsbuild/obj/tileset_12.rel
                                          [ tileset_12 ]
C:/Users/luisc/AppData/Local/Temp/_gbsbuild/obj/tileset_13.rel
                                          [ tileset_13 ]
C:/Users/luisc/AppData/Local/Temp/_gbsbuild/obj/tileset_14.rel
                                          [ tileset_14 ]
C:/Users/luisc/AppData/Local/Temp/_gbsbuild/obj/tileset_15.rel
                                          [ tileset_15 ]
C:/Users/luisc/AppData/Local/Temp/_gbsbuild/obj/tileset_16.rel
                                          [ tileset_16 ]
C:/Users/luisc/AppData/Local/Temp/_gbsbuild/obj/tileset_2.rel
                                          [ tileset_2 ]
C:/Users/luisc/AppData/Local/Temp/_gbsbuild/obj/tileset_3.rel
                                          [ tileset_3 ]
C:/Users/luisc/AppData/Local/Temp/_gbsbuild/obj/tileset_4.rel
                                          [ tileset_4 ]
C:/Users/luisc/AppData/Local/Temp/_gbsbuild/obj/tileset_5.rel
                                          [ tileset_5 ]
C:/Users/luisc/AppData/Local/Temp/_gbsbuild/obj/tileset_6.rel
                                          [ tileset_6 ]
C:/Users/luisc/AppData/Local/Temp/_gbsbuild/obj/tileset_7.rel
                                          [ tileset_7 ]
C:/Users/luisc/AppData/Local/Temp/_gbsbuild/obj/tileset_8.rel
                                          [ tileset_8 ]
C:/Users/luisc/AppData/Local/Temp/_gbsbuild/obj/tileset_9.rel
                                          [ tileset_9 ]
C:/Users/luisc/AppData/Local/Temp/_gbsbuild/obj/main.rel
                                          [ main ]
C:/Users/luisc/AppData/Local/Temp/_gbsbuild/obj/adventure.rel
                                          [ adventure ]
C:/Users/luisc/AppData/Local/Temp/_gbsbuild/obj/logo.rel
                                          [ logo ]
C:/Users/luisc/AppData/Local/Temp/_gbsbuild/obj/platform.rel
                                          [ platform ]
C:/Users/luisc/AppData/Local/Temp/_gbsbuild/obj/pointnclick.rel
                                          [ pointnclick ]
C:/Users/luisc/AppData/Local/Temp/_gbsbuild/obj/shmup.rel
                                          [ shmup ]
C:/Users/luisc/AppData/Local/Temp/_gbsbuild/obj/states_ptrs.rel
                                          [  ]
C:/Users/luisc/AppData/Local/Temp/_gbsbuild/obj/topdown.rel
                                          [ topdown ]


Libraries Linked                          [ object file ]

C:\Users\luisc\AppData\Local\Temp/_gbstools/gbdk/lib/small/asxxxx/gb/gb.lib
                                          [ fill_rect_wi.o ]
C:\Users\luisc\AppData\Local\Temp/_gbstools/gbdk/lib/small/asxxxx/gb/gb.lib
                                          [ sfr.o ]
lib/hUGEDriver.lib                        [ hUGEDriver.obj.o ]
C:\Users\luisc\AppData\Local\Temp/_gbstools/gbdk/lib/small/asxxxx/gbz80/gbz80.lib
                                          [ rand.o ]
C:\Users\luisc\AppData\Local\Temp/_gbstools/gbdk/lib/small/asxxxx/gb/gb.lib
                                          [ cgb_palettes.o ]
C:\Users\luisc\AppData\Local\Temp/_gbstools/gbdk/lib/small/asxxxx/gbz80/gbz80.lib
                                          [ mul.o ]
C:\Users\luisc\AppData\Local\Temp/_gbstools/gbdk/lib/small/asxxxx/gbz80/gbz80.lib
                                          [ abs.o ]
C:\Users\luisc\AppData\Local\Temp/_gbstools/gbdk/lib/small/asxxxx/gb/gb.lib
                                          [ set_wi_t.o ]
C:\Users\luisc\AppData\Local\Temp/_gbstools/gbdk/lib/small/asxxxx/gb/gb.lib
                                          [ set_data.o ]
C:\Users\luisc\AppData\Local\Temp/_gbstools/gbdk/lib/small/asxxxx/gbz80/gbz80.lib
                                          [ reverse.o ]
C:\Users\luisc\AppData\Local\Temp/_gbstools/gbdk/lib/small/asxxxx/gb/gb.lib
                                          [ far_ptr.o ]
C:\Users\luisc\AppData\Local\Temp/_gbstools/gbdk/lib/small/asxxxx/gb/gb.lib
                                          [ sgb.o ]
C:\Users\luisc\AppData\Local\Temp/_gbstools/gbdk/lib/small/asxxxx/gb/gb.lib
                                          [ lcd.o ]
C:\Users\luisc\AppData\Local\Temp/_gbstools/gbdk/lib/small/asxxxx/gb/gb.lib
                                          [ fill_rect.o ]
C:\Users\luisc\AppData\Local\Temp/_gbstools/gbdk/lib/small/asxxxx/gb/gb.lib
                                          [ cpy_data.o ]
C:\Users\luisc\AppData\Local\Temp/_gbstools/gbdk/lib/small/asxxxx/gb/gb.lib
                                          [ fill_rect_bk.o ]
C:\Users\luisc\AppData\Local\Temp/_gbstools/gbdk/lib/small/asxxxx/gb/gb.lib
                                          [ pad.o ]
C:\Users\luisc\AppData\Local\Temp/_gbstools/gbdk/lib/small/asxxxx/gb/gb.lib
                                          [ metasprites.o ]
C:\Users\luisc\AppData\Local\Temp/_gbstools/gbdk/lib/small/asxxxx/gbz80/gbz80.lib
                                          [ __sdcc_call_hl.o ]
C:\Users\luisc\AppData\Local\Temp/_gbstools/gbdk/lib/small/asxxxx/gbz80/gbz80.lib
                                          [ _memcpy.o ]
C:\Users\luisc\AppData\Local\Temp/_gbstools/gbdk/lib/small/asxxxx/gbz80/gbz80.lib
                                          [ _memset.o ]
C:\Users\luisc\AppData\Local\Temp/_gbstools/gbdk/lib/small/asxxxx/gb/gb.lib
                                          [ ___sdcc_bcall_ehl.o ]
C:\Users\luisc\AppData\Local\Temp/_gbstools/gbdk/lib/small/asxxxx/gb/gb.lib
                                          [ cgb.o ]
C:\Users\luisc\AppData\Local\Temp/_gbstools/gbdk/lib/small/asxxxx/gbz80/gbz80.lib
                                          [ div.o ]
C:\Users\luisc\AppData\Local\Temp/_gbstools/gbdk/lib/small/asxxxx/gb/gb.lib
                                          [ set_bk_t.o ]
C:\Users\luisc\AppData\Local\Temp/_gbstools/gbdk/lib/small/asxxxx/gb/gb.lib
                                          [ set_xy_t.o ]

ASxxxx Linker V03.00 + NoICE + sdld,  page 77.

User Base Address Definitions

_DATA=0xC0A0
_CODE=0x0200
ASxxxx Linker V03.00 + NoICE + sdld,  page 78.

User Global Definitions

.STACK=0xDF00
_shadow_OAM=0xC000
.refresh_OAM=0xFF80
__start_save=12

